node.exe : 
[2m[WebServer] [22m
[baseline-browser-map
ping] The data in 
this module is over 
two months old.  To 
ensure accurate 
Baseline data, 
please update: `npm 
i baseline-browser-ma
pping@latest -D`
At line:1 char:1
+ & "C:\Program Files
\nodejs/node.exe" 
"C:\Program 
Files\nodejs/node_mo 
...
+ ~~~~~~~~~~~~~~~~~~~
~~~~~~~~~~~~~~~~~~~~~
~~~~~~~~~~~~~~~~~~~~~
~~~~~~~~
    + CategoryInfo   
           : NotSpe  
  cified: ([2m[We   
 bServer]...ping@    
latest -D`:Strin    
g) [], RemoteExc    
eption
    + FullyQualified 
   ErrorId : Native  
  CommandError
 

Running 7 tests using 6 workers

  Γ£ÿ  3 [chromium] ΓÇ║ tests\e2e\smoke.spec.ts:64:3 ΓÇ║ Production Smoke Tests ΓÇ║ should show error boundary for config errors (734ms)
  Γ£ÿ  4 [chromium] ΓÇ║ tests\e2e\smoke.spec.ts:130:3 ΓÇ║ Production Smoke Tests ΓÇ║ should boot reliably with service worker disabled (859ms)
  Γ£ÿ  1 [chromium] ΓÇ║ tests\e2e\smoke.spec.ts:105:3 ΓÇ║ Production Smoke Tests ΓÇ║ should recover from chunk load failures (902ms)
  Γ£ÿ  2 [chromium] ΓÇ║ tests\e2e\smoke.spec.ts:10:3 ΓÇ║ Production Smoke Tests ΓÇ║ should render the application without blank screen (864ms)
  Γ£ô  6 [chromium] ΓÇ║ tests\e2e\smoke.spec.ts:30:3 ΓÇ║ Production Smoke Tests ΓÇ║ should load without JavaScript errors (2.8s)
  Γ£ô  7 [chromium] ΓÇ║ tests\e2e\smoke.spec.ts:152:3 ΓÇ║ Production Smoke Tests ΓÇ║ should boot reliably with caches disabled (446ms)
  Γ£ô  5 [chromium] ΓÇ║ tests\e2e\smoke.spec.ts:87:3 ΓÇ║ Production Smoke Tests ΓÇ║ should handle auth state without hanging (15.8s)


  1) [chromium] ΓÇ║ tests\e2e\smoke.spec.ts:10:3 ΓÇ║ Production Smoke Tests ΓÇ║ should render the application without blank screen 

    Error: [2mexpect([22m[31mreceived[39m[2m).[22mtoBeGreaterThan[2m([22m[32mexpected[39m[2m)[22m

    Expected: > [32m0[39m
    Received:   [31m0[39m

      16 |     // Verify root element has content (not empty)
      17 |     const rootContent = await page.locator('#root').innerHTML();
    > 18 |     expect(rootContent.trim().length).toBeGreaterThan(0);
         |                                       ^
      19 |
      20 |     // Verify page title exists (basic sanity check)
      21 |     const title = await page.title();
        at C:\Users\sinyo\FLOWBills\FLOWBills\FLOWBills-1\FLOWBills\tests\e2e\smoke.spec.ts:18:39

    attachment #1: screenshot (image/png) ΓöÇΓöÇΓöÇΓöÇΓöÇΓöÇΓöÇΓöÇΓöÇΓöÇΓöÇΓöÇΓöÇΓöÇΓöÇΓöÇΓöÇΓöÇΓöÇΓöÇΓöÇΓöÇΓöÇΓöÇΓöÇΓöÇΓöÇΓöÇΓöÇΓöÇΓöÇΓöÇΓöÇΓöÇΓöÇΓöÇΓöÇΓöÇΓöÇΓöÇΓöÇΓöÇΓöÇΓöÇΓöÇΓöÇΓöÇΓöÇΓöÇΓöÇΓöÇΓöÇΓöÇΓöÇΓöÇΓöÇΓöÇΓöÇ
    test-results\smoke-Production-Smoke-Tes-a4a2f-cation-without-blank-screen-chromium\test-failed-1.png
    ΓöÇΓöÇΓöÇΓöÇΓöÇΓöÇΓöÇΓöÇΓöÇΓöÇΓöÇΓöÇΓöÇΓöÇΓöÇΓöÇΓöÇΓöÇΓöÇΓöÇΓöÇΓöÇΓöÇΓöÇΓöÇΓöÇΓöÇΓöÇΓöÇΓöÇΓöÇΓöÇΓöÇΓöÇΓöÇΓöÇΓöÇΓöÇΓöÇΓöÇΓöÇΓöÇΓöÇΓöÇΓöÇΓöÇΓöÇΓöÇΓöÇΓöÇΓöÇΓöÇΓöÇΓöÇΓöÇΓöÇΓöÇΓöÇΓöÇΓöÇΓöÇΓöÇΓöÇΓöÇΓöÇΓöÇΓöÇΓöÇΓöÇΓöÇΓöÇΓöÇΓöÇΓöÇΓöÇΓöÇΓöÇΓöÇΓöÇΓöÇΓöÇΓöÇΓöÇΓöÇΓöÇΓöÇΓöÇΓöÇΓöÇΓöÇΓöÇΓöÇΓöÇΓöÇΓöÇΓöÇ

    Error Context: test-results\smoke-Production-Smoke-Tes-a4a2f-cation-without-blank-screen-chromium\error-context.md

  2) [chromium] ΓÇ║ tests\e2e\smoke.spec.ts:64:3 ΓÇ║ Production Smoke Tests ΓÇ║ should show error boundary for config errors 

    Error: [2mexpect([22m[31mreceived[39m[2m).[22mtoBeGreaterThan[2m([22m[32mexpected[39m[2m)[22m

    Expected: > [32m0[39m
    Received:   [31m0[39m

      82 |     // In normal operation, page should render app content
      83 |     const rootContent = await page.locator('#root').innerHTML();
    > 84 |     expect(rootContent.trim().length).toBeGreaterThan(0);
         |                                       ^
      85 |   });
      86 |
      87 |   test('should handle auth state without hanging', async ({ page }) => {
        at C:\Users\sinyo\FLOWBills\FLOWBills\FLOWBills-1\FLOWBills\tests\e2e\smoke.spec.ts:84:39

    attachment #1: screenshot (image/png) ΓöÇΓöÇΓöÇΓöÇΓöÇΓöÇΓöÇΓöÇΓöÇΓöÇΓöÇΓöÇΓöÇΓöÇΓöÇΓöÇΓöÇΓöÇΓöÇΓöÇΓöÇΓöÇΓöÇΓöÇΓöÇΓöÇΓöÇΓöÇΓöÇΓöÇΓöÇΓöÇΓöÇΓöÇΓöÇΓöÇΓöÇΓöÇΓöÇΓöÇΓöÇΓöÇΓöÇΓöÇΓöÇΓöÇΓöÇΓöÇΓöÇΓöÇΓöÇΓöÇΓöÇΓöÇΓöÇΓöÇΓöÇΓöÇ
    test-results\smoke-Production-Smoke-Tes-13a8e--boundary-for-config-errors-chromium\test-failed-1.png
    ΓöÇΓöÇΓöÇΓöÇΓöÇΓöÇΓöÇΓöÇΓöÇΓöÇΓöÇΓöÇΓöÇΓöÇΓöÇΓöÇΓöÇΓöÇΓöÇΓöÇΓöÇΓöÇΓöÇΓöÇΓöÇΓöÇΓöÇΓöÇΓöÇΓöÇΓöÇΓöÇΓöÇΓöÇΓöÇΓöÇΓöÇΓöÇΓöÇΓöÇΓöÇΓöÇΓöÇΓöÇΓöÇΓöÇΓöÇΓöÇΓöÇΓöÇΓöÇΓöÇΓöÇΓöÇΓöÇΓöÇΓöÇΓöÇΓöÇΓöÇΓöÇΓöÇΓöÇΓöÇΓöÇΓöÇΓöÇΓöÇΓöÇΓöÇΓöÇΓöÇΓöÇΓöÇΓöÇΓöÇΓöÇΓöÇΓöÇΓöÇΓöÇΓöÇΓöÇΓöÇΓöÇΓöÇΓöÇΓöÇΓöÇΓöÇΓöÇΓöÇΓöÇΓöÇΓöÇΓöÇ

  3) [chromium] ΓÇ║ tests\e2e\smoke.spec.ts:105:3 ΓÇ║ Production Smoke Tests ΓÇ║ should recover from chunk load failures 

    Error: [2mexpect([22m[31mreceived[39m[2m).[22mtoBeTruthy[2m()[22m

    Received: [31mfalse[39m

      125 |
      126 |     // Either normal content or recovery UI should be present
    > 127 |     expect(rootContent.trim().length > 0 || hasRecoveryUI || hasRecoveryButton).toBeTruthy();
          |                                                                                 ^
      128 |   });
      129 |
      130 |   test('should boot reliably with service worker disabled', async ({ page }) => {
        at C:\Users\sinyo\FLOWBills\FLOWBills\FLOWBills-1\FLOWBills\tests\e2e\smoke.spec.ts:127:81

    attachment #1: screenshot (image/png) ΓöÇΓöÇΓöÇΓöÇΓöÇΓöÇΓöÇΓöÇΓöÇΓöÇΓöÇΓöÇΓöÇΓöÇΓöÇΓöÇΓöÇΓöÇΓöÇΓöÇΓöÇΓöÇΓöÇΓöÇΓöÇΓöÇΓöÇΓöÇΓöÇΓöÇΓöÇΓöÇΓöÇΓöÇΓöÇΓöÇΓöÇΓöÇΓöÇΓöÇΓöÇΓöÇΓöÇΓöÇΓöÇΓöÇΓöÇΓöÇΓöÇΓöÇΓöÇΓöÇΓöÇΓöÇΓöÇΓöÇΓöÇΓöÇ
    test-results\smoke-Production-Smoke-Tes-91e9f-er-from-chunk-load-failures-chromium\test-failed-1.png
    ΓöÇΓöÇΓöÇΓöÇΓöÇΓöÇΓöÇΓöÇΓöÇΓöÇΓöÇΓöÇΓöÇΓöÇΓöÇΓöÇΓöÇΓöÇΓöÇΓöÇΓöÇΓöÇΓöÇΓöÇΓöÇΓöÇΓöÇΓöÇΓöÇΓöÇΓöÇΓöÇΓöÇΓöÇΓöÇΓöÇΓöÇΓöÇΓöÇΓöÇΓöÇΓöÇΓöÇΓöÇΓöÇΓöÇΓöÇΓöÇΓöÇΓöÇΓöÇΓöÇΓöÇΓöÇΓöÇΓöÇΓöÇΓöÇΓöÇΓöÇΓöÇΓöÇΓöÇΓöÇΓöÇΓöÇΓöÇΓöÇΓöÇΓöÇΓöÇΓöÇΓöÇΓöÇΓöÇΓöÇΓöÇΓöÇΓöÇΓöÇΓöÇΓöÇΓöÇΓöÇΓöÇΓöÇΓöÇΓöÇΓöÇΓöÇΓöÇΓöÇΓöÇΓöÇΓöÇΓöÇ

  4) [chromium] ΓÇ║ tests\e2e\smoke.spec.ts:130:3 ΓÇ║ Production Smoke Tests ΓÇ║ should boot reliably with service worker disabled 

    Error: [2mexpect([22m[31mreceived[39m[2m).[22mtoBeGreaterThan[2m([22m[32mexpected[39m[2m)[22m

    Expected: > [32m0[39m
    Received:   [31m0[39m

      143 |     await page.waitForSelector('#root', { state: 'attached', timeout: 15000 });
      144 |     const rootContent = await page.locator('#root').innerHTML();
    > 145 |     expect(rootContent.trim().length).toBeGreaterThan(0);
          |                                       ^
      146 |
      147 |     // Boot should complete
      148 |     const bootStatus = await page.evaluate(() => (window as any).__FLOWBILLS_BOOT__?.stage);
        at C:\Users\sinyo\FLOWBills\FLOWBills\FLOWBills-1\FLOWBills\tests\e2e\smoke.spec.ts:145:39

    attachment #1: screenshot (image/png) ΓöÇΓöÇΓöÇΓöÇΓöÇΓöÇΓöÇΓöÇΓöÇΓöÇΓöÇΓöÇΓöÇΓöÇΓöÇΓöÇΓöÇΓöÇΓöÇΓöÇΓöÇΓöÇΓöÇΓöÇΓöÇΓöÇΓöÇΓöÇΓöÇΓöÇΓöÇΓöÇΓöÇΓöÇΓöÇΓöÇΓöÇΓöÇΓöÇΓöÇΓöÇΓöÇΓöÇΓöÇΓöÇΓöÇΓöÇΓöÇΓöÇΓöÇΓöÇΓöÇΓöÇΓöÇΓöÇΓöÇΓöÇΓöÇ
    test-results\smoke-Production-Smoke-Tes-43dfc-ith-service-worker-disabled-chromium\test-failed-1.png
    ΓöÇΓöÇΓöÇΓöÇΓöÇΓöÇΓöÇΓöÇΓöÇΓöÇΓöÇΓöÇΓöÇΓöÇΓöÇΓöÇΓöÇΓöÇΓöÇΓöÇΓöÇΓöÇΓöÇΓöÇΓöÇΓöÇΓöÇΓöÇΓöÇΓöÇΓöÇΓöÇΓöÇΓöÇΓöÇΓöÇΓöÇΓöÇΓöÇΓöÇΓöÇΓöÇΓöÇΓöÇΓöÇΓöÇΓöÇΓöÇΓöÇΓöÇΓöÇΓöÇΓöÇΓöÇΓöÇΓöÇΓöÇΓöÇΓöÇΓöÇΓöÇΓöÇΓöÇΓöÇΓöÇΓöÇΓöÇΓöÇΓöÇΓöÇΓöÇΓöÇΓöÇΓöÇΓöÇΓöÇΓöÇΓöÇΓöÇΓöÇΓöÇΓöÇΓöÇΓöÇΓöÇΓöÇΓöÇΓöÇΓöÇΓöÇΓöÇΓöÇΓöÇΓöÇΓöÇΓöÇ

  4 failed
    [chromium] ΓÇ║ tests\e2e\smoke.spec.ts:10:3 ΓÇ║ Production Smoke Tests ΓÇ║ should render the application without blank screen 
    [chromium] ΓÇ║ tests\e2e\smoke.spec.ts:64:3 ΓÇ║ Production Smoke Tests ΓÇ║ should show error boundary for config errors 
    [chromium] ΓÇ║ tests\e2e\smoke.spec.ts:105:3 ΓÇ║ Production Smoke Tests ΓÇ║ should recover from chunk load failures 
    [chromium] ΓÇ║ tests\e2e\smoke.spec.ts:130:3 ΓÇ║ Production Smoke Tests ΓÇ║ should boot reliably with service worker disabled 
  3 passed (20.4s)
